// Jest Snapshot v1, https://goo.gl/fbAQLP

exports[`Logo Component matches the snapshot 1`] = `
<div>
  <h1
    class="chakra-heading css-1xrx6ul"
  >
    <div
      class="css-rjlbth"
    >
      <svg
        data-testid="logo-icon"
      />
      Test Logo
    </div>
  </h1>
</div>
`;
